No contracts to compile
No Solidity tests to compile

Running Solidity tests


Running Mocha tests


  ElectionsManager - Token Integration
    Poll Creation with Tokens
      ✔ should create poll with token voting enabled
      ✔ should create poll with token voting required
      ✔ should create poll without token voting
    Adding Voters with Tokens
      ✔ should add voters and allocate tokens
      ✔ should work with regular addVoters for non-token polls
    Traditional Voting (Gas Payment)
      ✔ should allow traditional voting even with tokens enabled
      ✔ should prevent traditional voting when tokens required (54ms)
    Token-Based Voting
      ✔ should allow voter to vote with tokens (pays gas)
      ✔ should prevent double voting with tokens
      ✔ should prevent voting without tokens
      ✔ should not allow voting on non-token enabled poll
    Mixed Voting Methods
      ✔ should support both voting methods in same poll
      ✔ should correctly tally votes from both methods
    Backward Compatibility
      ✔ should support old createPoll signature via overloading
      ✔ should maintain all existing poll functionality
    Token Config Views
      ✔ should check if voter can vote with token
      ✔ should get voter token balance

  Gasless Voting - End-to-End Integration
    Complete Gasless Voting Flow
✓ Created poll 1 with token voting enabled
✓ Added 3 options to poll
✓ Allocated 5 tokens to 3 voters
✓ Poll started
✓ Voter 1 voted traditionally (paid 0.000149025621973403 ETH gas)
✓ Voter 2 voted with token (paid 0.000212323181739406 ETH gas)
✓ Voter 3 voted gasless (relayer paid gas, voter paid nothing)
✓ All 3 votes recorded successfully
✓ Vote methods tracked correctly
✓ Poll ended and results revealed
✓ Winner: Option 1 - Alice

🎉 Complete gasless voting flow successful!
      ✔ should complete full gasless voting journey (90ms)
    Gasless Voting Edge Cases
      ✔ should prevent replay attacks with nonce
      ✔ should reject expired signatures
      ✔ should prevent voting without tokens via paymaster
      ✔ should track gas consumption
    Multi-Voter Gasless Scenario
✓ All 3 voters voted gasless successfully
      ✔ should handle multiple gasless voters efficiently (174ms)
    Token Exhaustion
      ✔ should prevent voting after tokens exhausted (50ms)

  TokenManager - Token Factory & Allocator
    Deployment
      ✔ should set voting contract address
      ✔ should set correct TOKENS_PER_VOTE constant
      ✔ should revert deployment with zero address
    Token Creation
      ✔ should create token for poll
      ✔ should emit TokenCreated event
      ✔ should prevent duplicate token creation for same poll
      ✔ should allow creating tokens for different polls (57ms)
      ✔ should revert if non-voting contract tries to create token
    Token Allocation (Single)
      ✔ should allocate tokens to voter
      ✔ should emit TokensAllocated event
      ✔ should allow allocating to multiple voters (44ms)
      ✔ should accumulate allocations for same voter
      ✔ should revert if poll has no token
      ✔ should revert allocating to zero address
      ✔ should revert allocating zero amount
      ✔ should revert if non-voting contract tries to allocate
    Token Allocation (Batch)
      ✔ should batch allocate tokens to multiple voters
      ✔ should emit TokensAllocated events for each voter
      ✔ should revert if arrays have different lengths
      ✔ should revert if arrays are empty
      ✔ should revert if any voter is zero address
      ✔ should revert if any amount is zero
    Token Burning
      ✔ should burn tokens when voting
      ✔ should emit TokensBurned event
      ✔ should allow multiple burns
      ✔ should revert burning if insufficient tokens
      ✔ should revert if poll has no token
    View Functions
      ✔ should check if voter has vote tokens
      ✔ should return false for non-existent poll
      ✔ should get token balance
      ✔ should return zero for non-existent poll
      ✔ should get poll token address
      ✔ should return zero address for non-existent poll token
    Token Voting Enable/Disable
      ✔ should enable token voting for poll
      ✔ should emit TokenVotingEnabled event
      ✔ should disable token voting for poll
      ✔ should emit TokenVotingDisabled event
      ✔ should revert enabling if poll has no token

  Voting (TS tests) - Voting title (poll) mode
    ✔ createPoll -> add options -> votes -> totals and double-vote revert (40ms)
    ✔ admin-only actions and permission checks for a poll
    ✔ time limits, reveal and end behavior, and getVoterChoice access control for a poll (53ms)
    ✔ end before endTime and reveal before endTime revert appropriately for a poll
    ✔ ownership transfer: new owner can create polls; old owner can't (2-step process)
    ✔ misc getters return zero before options/votes and admin sees no-vote as 0 for poll
    ✔ creating multiple polls increments pollsCount
    ✔ owner (as allowed role) can add options to a poll
    ✔ voter authorization: single voter add and vote (40ms)
    ✔ voter authorization: batch voter add
    ✔ voter authorization: remove voter before voting
    ✔ voter authorization: cannot remove voter after poll starts
    ✔ helper functions: isPollActive returns correct status
    ✔ helper functions: getWinner returns correct winner (56ms)
    ✔ cannot add voters after poll ended
    ✔ cannot add duplicate voter
    ✔ getPollsCount() returns correct count as polls are created
    ✔ security: MIN_POLL_DURATION - cannot create poll with duration < 300 seconds
    ✔ security: MAX_OPTIONS - cannot add more than 100 options to a poll (424ms)
    ✔ security: MAX_VOTERS_BATCH - cannot add more than 50 voters in one batch (412ms)
    ✔ security: vote privacy - non-admin cannot see vote counts before reveal
    ✔ security: TIME_BUFFER - cannot vote in last 30 seconds of poll
    ✔ ownership: 2-step transfer - cancelOwnershipTransfer
    ✔ ownership: 2-step transfer - only pending owner can accept
    ✔ ownership: renounceOwnership - makes contract ownerless
    ✔ scheduled poll: cannot vote before start time
    ✔ scheduled poll: can add options and voters before start time
    ✔ scheduled poll: cannot add options after poll starts
    ✔ scheduled poll: cannot add voters after poll starts
    ✔ scheduled poll: cannot remove voters after poll starts
    ✔ scheduled poll: voting works during active period
    ✔ time validation: cannot create poll with start time in the past
    ✔ time validation: cannot create poll with start time too far in future
    ✔ time validation: can create poll exactly at MAX_FUTURE_START boundary
    ✔ helper functions: getPollStartTime returns correct start time
    ✔ helper functions: isPollStarted works correctly
    ✔ helper functions: isPollEnded works correctly
    ✔ helper functions: getPollStatus shows all states correctly

  VotingPaymaster - Gasless Voting with EIP-712
    Deployment
      ✔ should set correct addresses
      ✔ should set correct constants
      ✔ should have valid DOMAIN_SEPARATOR
      ✔ should revert deployment with invalid addresses
    Funding
      ✔ should accept ETH via fund()
      ✔ should emit Funded event
      ✔ should accept ETH via receive()
      ✔ should emit Funded event on receive
      ✔ should revert fund() with zero ETH
      ✔ should allow anyone to fund
    Withdrawal
      ✔ should allow admin to withdraw
      ✔ should emit Withdrawn event
      ✔ should revert if non-admin tries to withdraw
      ✔ should revert if insufficient balance
    Relayer Management
      ✔ should allow admin to add relayer
      ✔ should emit RelayerAdded event
      ✔ should allow admin to remove relayer
      ✔ should emit RelayerRemoved event
      ✔ should revert if non-admin tries to add relayer
      ✔ should revert adding zero address as relayer
    EIP-712 Signature Verification
      ✔ should verify valid signature
      ✔ should reject signature from wrong signer
      ✔ should reject expired signature
      ✔ should reject signature with wrong nonce
      ✔ should reject signature with tampered data
    Nonce Management
      ✔ should start with nonce 0
      ✔ should track nonces per voter
    Admin Transfer
      ✔ should allow admin to transfer admin rights
      ✔ should emit AdminTransferred event
      ✔ should allow new admin to perform admin actions
      ✔ should prevent old admin from performing admin actions
      ✔ should revert if non-admin tries to transfer
      ✔ should revert transfer to zero address
    Gas Constants
      ✔ should have correct GAS_LIMIT

  VotingToken - Per-Poll ERC20-Compatible Token
    Deployment
      ✔ should set correct token metadata
    Minting
      ✔ should allow TokenManager to mint tokens
      ✔ should emit Transfer event on mint
      ✔ should allow minting to multiple users
      ✔ should revert if non-TokenManager tries to mint
      ✔ should revert minting to zero address
      ✔ should revert minting zero amount
    Burning
      ✔ should allow TokenManager to burn tokens
      ✔ should emit Transfer and VoteTokenBurned events on burn
      ✔ should revert if non-TokenManager tries to burn
      ✔ should revert burning more than balance
    Approve & Allowance
      ✔ should allow users to approve spenders
      ✔ should emit Approval event
      ✔ should allow updating approval amount
    Transfer (Non-Transferable)
      ✔ should revert any direct transfer
      ✔ should prevent token trading
    TransferFrom (Burn-Only)
      ✔ should allow transferFrom to burn (address(0))
      ✔ should emit events on transferFrom burn
      ✔ should revert transferFrom to non-zero address
      ✔ should revert if allowance insufficient
      ✔ should revert if balance insufficient
    ERC20 Compatibility
      ✔ should have correct ERC20 view functions


  156 passing (9s)


156 passing (156 mocha)

